add_qtc_test(tst_utils_expected
  DEPENDS Utils
  SOURCES tst_expected.cpp
)
